// Jest Snapshot v1, https://goo.gl/fbAQLP

exports[`custom embeds and assets should render embed video, image, and audio assets 1`] = `
"
    <img
      loading=\\"lazy\\"
      src=\\"https://media.graphassets.com/dsQtt0ARqO28baaXbVy9\\"
      width=\\"\\"
      height=\\"\\"
      alt=\\"\\"
      title=\\"\\"
    />
  
    <video
      src=\\"https://media.graphassets.com/7M0lXLdCQfeIDXnT2SVS\\"
      controls
      width=\\"100%\\"
      height=\\"100%\\"
      title=\\"\\"
    >
      <p>
        Your browser doesn't support HTML5 video. Here is a
        <a href=\\"https://media.graphassets.com/7M0lXLdCQfeIDXnT2SVS\\">link to the video</a> instead.
      </p>
    </video>
  
    <audio
      style=\\"display: block; max-width: 100%; height: auto\\"
      src=\\"https://media.graphassets.com/H9eZ7CISSBpAKxqdSwzg\\"
      controls=\\"\\"
    >
      <p>
        Your browser doesn&#x27;t support HTML5 audio. Here is a
        <a href=\\"https://media.graphassets.com/H9eZ7CISSBpAKxqdSwzg\\">link to the audio</a>
        instead.
      </p>
    </audio>
  "
`;
